<html>
<body>
<pre>
<h1>µVision Build Log</h1>
<h2>Project:</h2>
I:\ECE315\Final Lab\FinalLab-AlmostDone\ECE315_LAB4\src\ece353_base_project.uvprojx
Project File Date:  10/12/2014

<h2>Output:</h2>
Rebuild target 'Target 1'
compiling main.c...
drv8833.h(15): warning:  #1295-D: Deprecated declaration drv8833_stop - give arg types
  void  drv8833_stop();
encoders.c(28): warning:  #1-D: last line of file ends without a newline
   /*****************************************************************************/
i2c.h(293): warning:  #1-D: last line of file ends without a newline
  #endif
led_controller.h(8): warning:  #47-D: incompatible redefinition of macro "PB2" (declared at line 30 of "boardUtil.h")
  #define PB2       (1<<2)
led_controller.h(9): warning:  #47-D: incompatible redefinition of macro "PB3" (declared at line 31 of "boardUtil.h")
  #define PB3       (1<<3)
led_controller.h(40): warning:  #1-D: last line of file ends without a newline
  #endif
main.c(313): warning:  #1035-D: single-precision operand implicitly converted to double-precision
                                                                numPulsesNextLCDUpdate -= PULSES_PER_INCH;
main.c(362): warning:  #1035-D: single-precision operand implicitly converted to double-precision
                                                                                numPulsesNextLCDUpdate -= PULSES_PER_INCH;
main.c(415): warning:  #1035-D: single-precision operand implicitly converted to double-precision
                                                                numPulsesNextLCDUpdate -= PULSES_PER_INCH;
main.c(468): warning:  #1035-D: single-precision operand implicitly converted to double-precision
                                                                numPulsesNextLCDUpdate -= PULSES_PER_INCH;
main.c(519): warning:  #1035-D: single-precision operand implicitly converted to double-precision
                                                                numPulsesNextLCDUpdate -= PULSES_PER_INCH;
main.c(639): warning:  #1035-D: single-precision operand implicitly converted to double-precision
                                        inches_adc = (float)adcVal/ AN_SONAR_SCALE_mV;
main.c(134): warning:  #177-D: variable "i" was declared but never referenced
        int i = 0;
main.c(135): warning:  #177-D: variable "j" was declared but never referenced
        int j = 0;
main.c(136): warning:  #177-D: variable "k" was declared but never referenced
        int k = 0;
main.c(137): warning:  #177-D: variable "l" was declared but never referenced
        int l = 0;
main.c(143): warning:  #177-D: variable "twoSecondCount" was declared but never referenced
        int secondCount, twoSecondCount, secondCount2 = 0, secondCount3 = 0, secondCount4 = 0;
main.c(145): warning:  #177-D: variable "leftTurn" was declared but never referenced
        bool leftTurn = true;
main.c(146): warning:  #177-D: variable "rightTurn" was declared but never referenced
        bool rightTurn = false;
main.c(149): warning:  #177-D: variable "leader" was declared but never referenced
        bool leader = false; 
main.c(163): warning:  #177-D: variable "phaseCounter" was declared but never referenced
        uint8_t phaseCounter = 0;
main.c(165): warning:  #177-D: variable "distanceCovered" was declared but never referenced
        float distanceCovered, totalDistanceCovered = 0.0;
main.c(167): warning:  #177-D: variable "numberOfTotalSeconds" was declared but never referenced
        uint8_t numberOfTotalSeconds = 0;
main.c(172): warning:  #550-D: variable "inchesOut" was set but never used
        float inches, inches_adc, inch_sum, inchesOut = 0;
main.c(175): warning:  #177-D: variable "dutyCycle" was declared but never referenced
        uint8_t dutyCycle;
main.c(177): warning:  #177-D: variable "thisistrue" was declared but never referenced
        bool thisistrue = true;
main.c: 26 warnings, 0 errors
compiling boardUtil.c...
boardUtil.c(182): warning:  #550-D: variable "BRD" was set but never used
        float BRD;
boardUtil.c: 1 warning, 0 errors
compiling interrupts.c...
compiling drv8833.c...
drv8833.h(15): warning:  #1295-D: Deprecated declaration drv8833_stop - give arg types
  void  drv8833_stop();
drv8833.c: 1 warning, 0 errors
compiling pwm.c...
drv8833.h(15): warning:  #1295-D: Deprecated declaration drv8833_stop - give arg types
  void  drv8833_stop();
pwm.c: 1 warning, 0 errors
compiling fonts.c...
compiling lcd.c...
lcd.c(19): warning:  #177-D: variable "testData" was declared but never referenced
        uint8_t testData = 0xFF;
lcd.c(20): warning:  #177-D: variable "i" was declared but never referenced
        uint32_t i = 0;
lcd.c(21): warning:  #177-D: variable "j" was declared but never referenced
        uint32_t j = 0;
lcd.c(173): warning:  #177-D: variable "columnPtr" was declared but never referenced
                uint8_t *columnPtr;
lcd.c: 4 warnings, 0 errors
compiling led_controller.c...
i2c.h(293): warning:  #1-D: last line of file ends without a newline
  #endif
led_controller.h(40): warning:  #1-D: last line of file ends without a newline
  #endif
led_controller.c: 2 warnings, 0 errors
assembling startup_TM4C123.s...
compiling system_TM4C123.c...
linking...
Program Size: Code=15264 RO-data=3024 RW-data=80 ZI-data=4128  
".\obj\ece353_base_project.axf" - 0 Error(s), 35 Warning(s).

<h2>Software Packages used:</h2>

Package Vendor: ARM
                http://www.keil.com/pack/ARM.CMSIS.4.1.1.pack
                ARM::CMSIS:CORE:3.30.0
                CMSIS (Cortex Microcontroller Software Interface Standard)
   * Component: CORE Version: 3.30.0

Package Vendor: Keil
                http://www.keil.com/pack/Keil.TM4C_DFP.1.0.0.pack
                Keil::Device:Startup:1.0.0
                Texas Instruments Tiva C Series Device Support and Examples
   * Component: Startup Version: 1.0.0

<h2>Collection of Component include folders:</h2>
  I:\ECE315\Final Lab\FinalLab-AlmostDone\ECE315_LAB4\src\RTE
  C:\AppV\mdk_510\ARM\PACK\ARM\CMSIS\4.1.1\CMSIS\Include
  C:\AppV\mdk_510\ARM\PACK\Keil\TM4C_DFP\1.0.0\Device\Include\TM4C123

<h2>Collection of Component Files used:</h2>

   * Component: ARM::CMSIS:CORE:3.30.0
      Source file:   CMSIS\UserCodeTemplates\ARM\ITM_Retarget.c

   * Component: Keil::Device:Startup:1.0.0
      Include file:  Device\Include\TM4C123\TM4C123.h
      Source file:   Device\Source\ARM\startup_TM4C123.s
      Source file:   Device\Source\system_TM4C123.c
</pre>
</body>
</html>
b\\FinalLab-AlmostDone\\ECE315_LAB4\\src\\obj\\ece353_base_project.axf" 
Connecting: Mode=JTAG, Speed=1000000Hz
Erase Done.
Programming Done.
Verify OK.
Load "I:\\ECE315\\Final Lab\\FinalLab-AlmostDone\\ECE315_LAB4\\src\\obj\\ece353_base_project.axf" 
Connecting: Mode=JTAG, Speed=1000000Hz
Erase Done.
Programming Done.
Verify OK.
Load "I:\\ECE315\\Final Lab\\FinalLab-AlmostDone\\ECE315_LAB4\\src\\obj\\ece353_base_project.axf" 
Connecting: Mode=JTAG, Speed=1000000Hz
Erase Done.
Programming Done.
Verify OK.
lmostDone\\ECE315_LAB4\\src\\obj\\ece353_base_project.axf" 
Connecting: Mode=JTAG, Speed=1000000Hz
Connection failed!, error code=&d
Error: Flash Download failed  -  Target DLL has been cancelled
Load "I:\\ECE315\\Final Lab\\FinalLab-AlmostDone\\ECE315_LAB4\\src\\obj\\ece353_base_project.axf" 
Connecting: Mode=JTAG, Speed=1000000Hz
Connection failed!, error code=&d
Error: Flash Download failed  -  Target DLL has been cancelled
Load "I:\\ECE315\\Final Lab\\FinalLab-AlmostDone\\ECE315_LAB4\\src\\obj\\ece353_base_project.axf" 
Connecting: Mode=JTAG, Speed=1000000Hz
Erase Done.
Programming Done.
Verify OK.
Load "I:\\ECE315\\Final Lab\\FinalLab-AlmostDone\\ECE315_LAB4\\src\\obj\\ece353_base_project.axf" 
Connecting: Mode=JTAG, Speed=1000000Hz
Erase Done.
Programming Done.
Verify OK.
